
> casebuddy-ai-lawfirm@0.0.0 build
> vite build

[36mvite v6.4.3 [32mbuilding for production...[36m[39m
transforming...
[32mΓ£ô[39m 2736 modules transformed.
rendering chunks...
computing gzip size...
[2mdist/[22m[32massets/manifest-wWwZpFvF.json             [39m[1m[2m  0.75 kB[22m[1m[22m[2m Γöé gzip:   0.50 kB[22m
[2mdist/[22m[32mindex.html                                [39m[1m[2m  1.22 kB[22m[1m[22m[2m Γöé gzip:   0.73 kB[22m
[2mdist/[22m[35massets/index-B6RjnqjL.css                 [39m[1m[2m 74.07 kB[22m[1m[22m[2m Γöé gzip:  12.85 kB[22m
[2mdist/[22m[36massets/check-DCqgg-6K.js                  [39m[1m[2m  0.30 kB[22m[1m[22m[2m Γöé gzip:   0.25 kB[22m
[2mdist/[22m[36massets/chevron-left-BZ8IpEWn.js           [39m[1m[2m  0.30 kB[22m[1m[22m[2m Γöé gzip:   0.25 kB[22m
[2mdist/[22m[36massets/chevron-right-X5b67_Ly.js          [39m[1m[2m  0.30 kB[22m[1m[22m[2m Γöé gzip:   0.25 kB[22m
[2mdist/[22m[36massets/plus-jUdygoSZ.js                   [39m[1m[2m  0.32 kB[22m[1m[22m[2m Γöé gzip:   0.25 kB[22m
[2mdist/[22m[36massets/arrow-left-p9YENAUh.js             [39m[1m[2m  0.33 kB[22m[1m[22m[2m Γöé gzip:   0.27 kB[22m
[2mdist/[22m[36massets/arrow-right-B7QwVfC2.js            [39m[1m[2m  0.34 kB[22m[1m[22m[2m Γöé gzip:   0.26 kB[22m
[2mdist/[22m[36massets/clock-8xVWMEHJ.js                  [39m[1m[2m  0.34 kB[22m[1m[22m[2m Γöé gzip:   0.27 kB[22m
[2mdist/[22m[36massets/search-JnHwHaL3.js                 [39m[1m[2m  0.35 kB[22m[1m[22m[2m Γöé gzip:   0.28 kB[22m
[2mdist/[22m[36massets/circle-check-8-efYurH.js           [39m[1m[2m  0.35 kB[22m[1m[22m[2m Γöé gzip:   0.28 kB[22m
[2mdist/[22m[36massets/circle-dot-tklR8U8m.js             [39m[1m[2m  0.36 kB[22m[1m[22m[2m Γöé gzip:   0.26 kB[22m
[2mdist/[22m[36massets/user-CMlOmYwm.js                   [39m[1m[2m  0.36 kB[22m[1m[22m[2m Γöé gzip:   0.28 kB[22m
[2mdist/[22m[36massets/circle-check-big-Dacapak6.js       [39m[1m[2m  0.37 kB[22m[1m[22m[2m Γöé gzip:   0.29 kB[22m
[2mdist/[22m[36massets/info-Bcz8ELSO.js                   [39m[1m[2m  0.37 kB[22m[1m[22m[2m Γöé gzip:   0.28 kB[22m
[2mdist/[22m[36massets/lock-B0mpXf3h.js                   [39m[1m[2m  0.37 kB[22m[1m[22m[2m Γöé gzip:   0.29 kB[22m
[2mdist/[22m[36massets/briefcase-hlacMfd7.js              [39m[1m[2m  0.39 kB[22m[1m[22m[2m Γöé gzip:   0.30 kB[22m
[2mdist/[22m[36massets/target-BbRSzCZh.js                 [39m[1m[2m  0.40 kB[22m[1m[22m[2m Γöé gzip:   0.27 kB[22m
[2mdist/[22m[36massets/message-square-OVGNFy4V.js         [39m[1m[2m  0.40 kB[22m[1m[22m[2m Γöé gzip:   0.30 kB[22m
[2mdist/[22m[36massets/upload-DIVcNCWf.js                 [39m[1m[2m  0.40 kB[22m[1m[22m[2m Γöé gzip:   0.30 kB[22m
[2mdist/[22m[36massets/download-CfuUZMtN.js               [39m[1m[2m  0.41 kB[22m[1m[22m[2m Γöé gzip:   0.30 kB[22m
[2mdist/[22m[36massets/activity-BdBzajPG.js               [39m[1m[2m  0.41 kB[22m[1m[22m[2m Γöé gzip:   0.30 kB[22m
[2mdist/[22m[36massets/copy-JXKsv1HJ.js                   [39m[1m[2m  0.41 kB[22m[1m[22m[2m Γöé gzip:   0.31 kB[22m
[2mdist/[22m[36massets/chart-column-O_P-hCag.js           [39m[1m[2m  0.42 kB[22m[1m[22m[2m Γöé gzip:   0.30 kB[22m
[2mdist/[22m[36massets/external-link-N3_J5cDP.js          [39m[1m[2m  0.42 kB[22m[1m[22m[2m Γöé gzip:   0.30 kB[22m
[2mdist/[22m[36massets/calendar-CpUq5xWE.js               [39m[1m[2m  0.43 kB[22m[1m[22m[2m Γöé gzip:   0.30 kB[22m
[2mdist/[22m[36massets/eye-caS8wtwS.js                    [39m[1m[2m  0.43 kB[22m[1m[22m[2m Γöé gzip:   0.31 kB[22m
[2mdist/[22m[36massets/key-CliJwXTE.js                    [39m[1m[2m  0.43 kB[22m[1m[22m[2m Γöé gzip:   0.32 kB[22m
[2mdist/[22m[36massets/lightbulb-B2L0cJdq.js              [39m[1m[2m  0.45 kB[22m[1m[22m[2m Γöé gzip:   0.33 kB[22m
[2mdist/[22m[36massets/shield-check-BsS0rKli.js           [39m[1m[2m  0.49 kB[22m[1m[22m[2m Γöé gzip:   0.35 kB[22m
[2mdist/[22m[36massets/refresh-cw-DgoGByaQ.js             [39m[1m[2m  0.49 kB[22m[1m[22m[2m Γöé gzip:   0.33 kB[22m
[2mdist/[22m[36massets/phone-DfBsN1IM.js                  [39m[1m[2m  0.50 kB[22m[1m[22m[2m Γöé gzip:   0.34 kB[22m
[2mdist/[22m[36massets/save-DlnTUmcx.js                   [39m[1m[2m  0.50 kB[22m[1m[22m[2m Γöé gzip:   0.33 kB[22m
[2mdist/[22m[36massets/shield-alert-CNC4OzmS.js           [39m[1m[2m  0.52 kB[22m[1m[22m[2m Γöé gzip:   0.36 kB[22m
[2mdist/[22m[36massets/file-down-C06vwdtS.js              [39m[1m[2m  0.52 kB[22m[1m[22m[2m Γöé gzip:   0.35 kB[22m
[2mdist/[22m[36massets/building-2-Bm63b2wN.js             [39m[1m[2m  0.56 kB[22m[1m[22m[2m Γöé gzip:   0.34 kB[22m
[2mdist/[22m[36massets/mic-off-D0HEKpTk.js                [39m[1m[2m  0.56 kB[22m[1m[22m[2m Γöé gzip:   0.35 kB[22m
[2mdist/[22m[36massets/loader-D7M0KNou.js                 [39m[1m[2m  0.58 kB[22m[1m[22m[2m Γöé gzip:   0.34 kB[22m
[2mdist/[22m[36massets/rocket-B0LGDcGU.js                 [39m[1m[2m  0.63 kB[22m[1m[22m[2m Γöé gzip:   0.42 kB[22m
[2mdist/[22m[36massets/star-DmioJ-Ho.js                   [39m[1m[2m  0.65 kB[22m[1m[22m[2m Γöé gzip:   0.40 kB[22m
[2mdist/[22m[36massets/VoiceMicButton-Crw4zQUw.js         [39m[1m[2m  0.82 kB[22m[1m[22m[2m Γöé gzip:   0.52 kB[22m
[2mdist/[22m[36massets/tag-itGEbSxm.js                    [39m[1m[2m  1.02 kB[22m[1m[22m[2m Γöé gzip:   0.51 kB[22m
[2mdist/[22m[36massets/AIDisclaimer-B1DKfzwB.js           [39m[1m[2m  1.09 kB[22m[1m[22m[2m Γöé gzip:   0.61 kB[22m
[2mdist/[22m[36massets/intakeStore-CBNz1JUC.js            [39m[1m[2m  1.72 kB[22m[1m[22m[2m Γöé gzip:   0.96 kB[22m
[2mdist/[22m[36massets/AgentHeader-FFeirqFl.js            [39m[1m[2m  2.44 kB[22m[1m[22m[2m Γöé gzip:   0.73 kB[22m
[2mdist/[22m[36massets/integrationService-bucWukSV.js     [39m[1m[2m  5.64 kB[22m[1m[22m[2m Γöé gzip:   2.59 kB[22m
[2mdist/[22m[36massets/OnboardingModal-BVYj8Y3E.js        [39m[1m[2m  5.75 kB[22m[1m[22m[2m Γöé gzip:   2.18 kB[22m
[2mdist/[22m[36massets/pdfExport-DtzTHheM.js              [39m[1m[2m  5.89 kB[22m[1m[22m[2m Γöé gzip:   2.01 kB[22m
[2mdist/[22m[36massets/Integrations-Bx9FTOaR.js           [39m[1m[2m  6.31 kB[22m[1m[22m[2m Γöé gzip:   2.42 kB[22m
[2mdist/[22m[36massets/useDeepgramVoiceAgent-Cm11GnLu.js  [39m[1m[2m  6.63 kB[22m[1m[22m[2m Γöé gzip:   2.95 kB[22m
[2mdist/[22m[36massets/Pricing-OeMdyFXM.js                [39m[1m[2m  7.73 kB[22m[1m[22m[2m Γöé gzip:   2.73 kB[22m
[2mdist/[22m[36massets/AuthPage-D2ZQ-SjZ.js               [39m[1m[2m  7.78 kB[22m[1m[22m[2m Γöé gzip:   2.64 kB[22m
[2mdist/[22m[36massets/WitnessLab-BizemIAd.js             [39m[1m[2m  8.23 kB[22m[1m[22m[2m Γöé gzip:   2.74 kB[22m
[2mdist/[22m[36massets/EvidenceVault-Bxj24N4A.js          [39m[1m[2m  8.80 kB[22m[1m[22m[2m Γöé gzip:   2.81 kB[22m
[2mdist/[22m[36massets/StrategyRoom-5NtlXnAS.js           [39m[1m[2m 10.38 kB[22m[1m[22m[2m Γöé gzip:   3.44 kB[22m
[2mdist/[22m[36massets/DepositionPrep-BK6poXRT.js         [39m[1m[2m 10.39 kB[22m[1m[22m[2m Γöé gzip:   3.38 kB[22m
[2mdist/[22m[36massets/VerdictPredictor-Bzf4OWdu.js       [39m[1m[2m 10.99 kB[22m[1m[22m[2m Γöé gzip:   3.18 kB[22m
[2mdist/[22m[36massets/ClientUpdate-BoRNALzt.js           [39m[1m[2m 11.07 kB[22m[1m[22m[2m Γöé gzip:   3.82 kB[22m
[2mdist/[22m[36massets/StatementBuilder-C0iwthr9.js       [39m[1m[2m 11.39 kB[22m[1m[22m[2m Γöé gzip:   3.67 kB[22m
[2mdist/[22m[36massets/DraftingAssistant-DfNVyibh.js      [39m[1m[2m 11.62 kB[22m[1m[22m[2m Γöé gzip:   4.26 kB[22m
[2mdist/[22m[36massets/WarRoom-BF8mKAgS.js                [39m[1m[2m 11.68 kB[22m[1m[22m[2m Γöé gzip:   3.41 kB[22m
[2mdist/[22m[36massets/LegalTeam-B-5-HnC0.js              [39m[1m[2m 12.80 kB[22m[1m[22m[2m Γöé gzip:   4.47 kB[22m
[2mdist/[22m[36massets/JuryAnalyzer-DUCfIr9I.js           [39m[1m[2m 12.87 kB[22m[1m[22m[2m Γöé gzip:   3.83 kB[22m
[2mdist/[22m[36massets/WitnessPrep-qJ3CKaWN.js            [39m[1m[2m 12.87 kB[22m[1m[22m[2m Γöé gzip:   3.66 kB[22m
[2mdist/[22m[36massets/IntakeInbox-zgbezVzE.js            [39m[1m[2m 13.49 kB[22m[1m[22m[2m Γöé gzip:   4.45 kB[22m
[2mdist/[22m[36massets/CaseOrchestrator-CHN4MiJ6.js       [39m[1m[2m 14.23 kB[22m[1m[22m[2m Γöé gzip:   5.62 kB[22m
[2mdist/[22m[36massets/PublicIntake-CTUPYEn0.js           [39m[1m[2m 14.45 kB[22m[1m[22m[2m Γöé gzip:   5.79 kB[22m
[2mdist/[22m[36massets/FirmReception-KdHTgUg3.js          [39m[1m[2m 16.40 kB[22m[1m[22m[2m Γöé gzip:   6.38 kB[22m
[2mdist/[22m[36massets/JurySimulator-EsP7u6zN.js          [39m[1m[2m 16.48 kB[22m[1m[22m[2m Γöé gzip:   4.36 kB[22m
[2mdist/[22m[36massets/CaseManager-6nJSKcqB.js            [39m[1m[2m 16.70 kB[22m[1m[22m[2m Γöé gzip:   4.73 kB[22m
[2mdist/[22m[36massets/ArgumentPractice-rD3fEVxs.js       [39m[1m[2m 19.58 kB[22m[1m[22m[2m Γöé gzip:   6.56 kB[22m
[2mdist/[22m[36massets/DeadlineTracker-QGxYP4Gg.js        [39m[1m[2m 19.88 kB[22m[1m[22m[2m Γöé gzip:   5.89 kB[22m
[2mdist/[22m[36massets/Transcriber-DS3hCEH-.js            [39m[1m[2m 20.97 kB[22m[1m[22m[2m Γöé gzip:   6.11 kB[22m
[2mdist/[22m[36massets/FoiaCenter-rhY5eIDN.js             [39m[1m[2m 21.82 kB[22m[1m[22m[2m Γöé gzip:   6.51 kB[22m
[2mdist/[22m[36massets/PrivacyPolicy-Dz2Vh138.js          [39m[1m[2m 23.42 kB[22m[1m[22m[2m Γöé gzip:   5.60 kB[22m
[2mdist/[22m[36massets/IntakePage-CFn2dL8b.js             [39m[1m[2m 23.57 kB[22m[1m[22m[2m Γöé gzip:   7.32 kB[22m
[2mdist/[22m[36massets/LandingPage-COUBMm7n.js            [39m[1m[2m 25.98 kB[22m[1m[22m[2m Γöé gzip:   7.12 kB[22m
[2mdist/[22m[36massets/Settings-8d6-7rjw.js               [39m[1m[2m 28.88 kB[22m[1m[22m[2m Γöé gzip:   7.15 kB[22m
[2mdist/[22m[36massets/UserGuide-BsISrI1-.js              [39m[1m[2m 31.29 kB[22m[1m[22m[2m Γöé gzip:  11.26 kB[22m
[2mdist/[22m[36massets/TermsOfService-CFki-ZpV.js         [39m[1m[2m 36.60 kB[22m[1m[22m[2m Γöé gzip:   8.74 kB[22m
[2mdist/[22m[36massets/Dashboard-DvwZ-TjL.js              [39m[1m[2m361.20 kB[22m[1m[22m[2m Γöé gzip: 108.90 kB[22m
[2mdist/[22m[36massets/index-CequvwXI.js                  [39m[1m[33m989.53 kB[39m[22m[2m Γöé gzip: 268.31 kB[22m
[32mΓ£ô built in 36.89s[39m
node.exe : [33m
At C:\Users\Matthew Reardon\AppData\Roaming\npm\npm.ps1:24 char:5
+     & "node$exe"  "$basedir/node_modules/npm/bin/npm-cli.js" $args
+     ~~~~~~~~~~~~~~~~~~~~~~~~~~~~~~~~~~~~~~~~~~~~~~~~~~~~~~~~~~~~~~
    + CategoryInfo          : NotSpecified: ([33m:String) [], RemoteException
    + FullyQualifiedErrorId : NativeCommandError
 
(!) Some chunks are larger than 500 kB after minification. Consider:
- Using dynamic import() to code-split the application
- Use build.rollupOptions.output.manualChunks to improve chunking: 
https://rollupjs.org/configuration-options/#output-manualchunks
- Adjust chunk size limit for this warning via build.chunkSizeWarningLimit.[39m
